Archive member included because of file (symbol)

/home/aghosh01/NYU_Cubesat_Repos/FlightSoftware/Athena/arm-none-eabi-gcc_4_9_BE/gcc-arm-none-eabi-4_9-2017q2_BE_LINUX/bin/../lib/gcc/arm-none-eabi/4.9.3/../../../../arm-none-eabi/lib/armv7-ar/thumb/fpu/eb/libc.a(lib_a-exit.o)
                              /home/aghosh01/NYU_Cubesat_Repos/FlightSoftware/Athena/arm-none-eabi-gcc_4_9_BE/gcc-arm-none-eabi-4_9-2017q2_BE_LINUX/bin/../lib/gcc/arm-none-eabi/4.9.3/../../../../arm-none-eabi/lib/armv7-ar/thumb/fpu/eb/crt0.o (exit)
/home/aghosh01/NYU_Cubesat_Repos/FlightSoftware/Athena/arm-none-eabi-gcc_4_9_BE/gcc-arm-none-eabi-4_9-2017q2_BE_LINUX/bin/../lib/gcc/arm-none-eabi/4.9.3/../../../../arm-none-eabi/lib/armv7-ar/thumb/fpu/eb/libc.a(lib_a-impure.o)
                              /home/aghosh01/NYU_Cubesat_Repos/FlightSoftware/Athena/arm-none-eabi-gcc_4_9_BE/gcc-arm-none-eabi-4_9-2017q2_BE_LINUX/bin/../lib/gcc/arm-none-eabi/4.9.3/../../../../arm-none-eabi/lib/armv7-ar/thumb/fpu/eb/libc.a(lib_a-exit.o) (_global_impure_ptr)
/home/aghosh01/NYU_Cubesat_Repos/FlightSoftware/Athena/arm-none-eabi-gcc_4_9_BE/gcc-arm-none-eabi-4_9-2017q2_BE_LINUX/bin/../lib/gcc/arm-none-eabi/4.9.3/../../../../arm-none-eabi/lib/armv7-ar/thumb/fpu/eb/libc.a(lib_a-init.o)
                              /home/aghosh01/NYU_Cubesat_Repos/FlightSoftware/Athena/arm-none-eabi-gcc_4_9_BE/gcc-arm-none-eabi-4_9-2017q2_BE_LINUX/bin/../lib/gcc/arm-none-eabi/4.9.3/../../../../arm-none-eabi/lib/armv7-ar/thumb/fpu/eb/crt0.o (__libc_init_array)
/home/aghosh01/NYU_Cubesat_Repos/FlightSoftware/Athena/arm-none-eabi-gcc_4_9_BE/gcc-arm-none-eabi-4_9-2017q2_BE_LINUX/bin/../lib/gcc/arm-none-eabi/4.9.3/../../../../arm-none-eabi/lib/armv7-ar/thumb/fpu/eb/libc.a(lib_a-memset.o)
                              /home/aghosh01/NYU_Cubesat_Repos/FlightSoftware/Athena/arm-none-eabi-gcc_4_9_BE/gcc-arm-none-eabi-4_9-2017q2_BE_LINUX/bin/../lib/gcc/arm-none-eabi/4.9.3/../../../../arm-none-eabi/lib/armv7-ar/thumb/fpu/eb/crt0.o (memset)
/home/aghosh01/NYU_Cubesat_Repos/FlightSoftware/Athena/arm-none-eabi-gcc_4_9_BE/gcc-arm-none-eabi-4_9-2017q2_BE_LINUX/bin/../lib/gcc/arm-none-eabi/4.9.3/../../../../arm-none-eabi/lib/armv7-ar/thumb/fpu/eb/libc.a(lib_a-__call_atexit.o)
                              /home/aghosh01/NYU_Cubesat_Repos/FlightSoftware/Athena/arm-none-eabi-gcc_4_9_BE/gcc-arm-none-eabi-4_9-2017q2_BE_LINUX/bin/../lib/gcc/arm-none-eabi/4.9.3/../../../../arm-none-eabi/lib/armv7-ar/thumb/fpu/eb/libc.a(lib_a-exit.o) (__call_exitprocs)
/home/aghosh01/NYU_Cubesat_Repos/FlightSoftware/Athena/arm-none-eabi-gcc_4_9_BE/gcc-arm-none-eabi-4_9-2017q2_BE_LINUX/bin/../lib/gcc/arm-none-eabi/4.9.3/../../../../arm-none-eabi/lib/armv7-ar/thumb/fpu/eb/libc.a(lib_a-atexit.o)
                              /home/aghosh01/NYU_Cubesat_Repos/FlightSoftware/Athena/arm-none-eabi-gcc_4_9_BE/gcc-arm-none-eabi-4_9-2017q2_BE_LINUX/bin/../lib/gcc/arm-none-eabi/4.9.3/../../../../arm-none-eabi/lib/armv7-ar/thumb/fpu/eb/libc.a(lib_a-__call_atexit.o) (atexit)
/home/aghosh01/NYU_Cubesat_Repos/FlightSoftware/Athena/arm-none-eabi-gcc_4_9_BE/gcc-arm-none-eabi-4_9-2017q2_BE_LINUX/bin/../lib/gcc/arm-none-eabi/4.9.3/../../../../arm-none-eabi/lib/armv7-ar/thumb/fpu/eb/libc.a(lib_a-fini.o)
                              /home/aghosh01/NYU_Cubesat_Repos/FlightSoftware/Athena/arm-none-eabi-gcc_4_9_BE/gcc-arm-none-eabi-4_9-2017q2_BE_LINUX/bin/../lib/gcc/arm-none-eabi/4.9.3/../../../../arm-none-eabi/lib/armv7-ar/thumb/fpu/eb/libc.a(lib_a-__call_atexit.o) (__libc_fini_array)
/home/aghosh01/NYU_Cubesat_Repos/FlightSoftware/Athena/arm-none-eabi-gcc_4_9_BE/gcc-arm-none-eabi-4_9-2017q2_BE_LINUX/bin/../lib/gcc/arm-none-eabi/4.9.3/../../../../arm-none-eabi/lib/armv7-ar/thumb/fpu/eb/libc.a(lib_a-__atexit.o)
                              /home/aghosh01/NYU_Cubesat_Repos/FlightSoftware/Athena/arm-none-eabi-gcc_4_9_BE/gcc-arm-none-eabi-4_9-2017q2_BE_LINUX/bin/../lib/gcc/arm-none-eabi/4.9.3/../../../../arm-none-eabi/lib/armv7-ar/thumb/fpu/eb/libc.a(lib_a-atexit.o) (__register_exitproc)
/home/aghosh01/NYU_Cubesat_Repos/FlightSoftware/Athena/arm-none-eabi-gcc_4_9_BE/gcc-arm-none-eabi-4_9-2017q2_BE_LINUX/bin/../lib/gcc/arm-none-eabi/4.9.3/../../../../arm-none-eabi/lib/armv7-ar/thumb/fpu/eb/libm.a(lib_a-s_floor.o)
                              ../Athena/board/hercules_tms570LS12x/src/sci.o (floor)
/home/aghosh01/NYU_Cubesat_Repos/FlightSoftware/Athena/arm-none-eabi-gcc_4_9_BE/gcc-arm-none-eabi-4_9-2017q2_BE_LINUX/bin/../lib/gcc/arm-none-eabi/4.9.3/../../../../arm-none-eabi/lib/armv7-ar/thumb/fpu/eb/libnosys.a(_exit.o)
                              /home/aghosh01/NYU_Cubesat_Repos/FlightSoftware/Athena/arm-none-eabi-gcc_4_9_BE/gcc-arm-none-eabi-4_9-2017q2_BE_LINUX/bin/../lib/gcc/arm-none-eabi/4.9.3/../../../../arm-none-eabi/lib/armv7-ar/thumb/fpu/eb/libc.a(lib_a-exit.o) (_exit)

Discarded input sections

[...]
Memory Configuration

Name             Origin             Length             Attributes
VECTORS          0x0000000000000000 0x0000000000000020 xr
FLASH            0x0000000000000020 0x000000000013ffe0 xr
CPU_STACK        0x0000000008000000 0x0000000000001500 rw
RAM              0x0000000008001500 0x000000000002eb00 xrw
MEMORY_B1        0x0000000060000000 0x0000000000000000 xr
*default*        0x0000000000000000 0xffffffffffffffff

Linker script and memory map

LOAD /home/aghosh01/NYU_Cubesat_Repos/FlightSoftware/Athena/arm-none-eabi-gcc_4_9_BE/gcc-arm-none-eabi-4_9-2017q2_BE_LINUX/bin/../lib/gcc/arm-none-eabi/4.9.3/armv7-ar/thumb/fpu/eb/crti.o
LOAD /home/aghosh01/NYU_Cubesat_Repos/FlightSoftware/Athena/arm-none-eabi-gcc_4_9_BE/gcc-arm-none-eabi-4_9-2017q2_BE_LINUX/bin/../lib/gcc/arm-none-eabi/4.9.3/armv7-ar/thumb/fpu/eb/crtbegin.o
LOAD /home/aghosh01/NYU_Cubesat_Repos/FlightSoftware/Athena/arm-none-eabi-gcc_4_9_BE/gcc-arm-none-eabi-4_9-2017q2_BE_LINUX/bin/../lib/gcc/arm-none-eabi/4.9.3/../../../../arm-none-eabi/lib/armv7-ar/thumb/fpu/eb/crt0.o
                0x0000000008040000                _estack = 0x8040000
                0x0000000000000400                _Min_Heap_Size = 0x400

.intvecs        0x0000000000000000       0x20
                0x0000000000000000                . = ALIGN (0x4)
 *(.intvecs)
 .intvecs       0x0000000000000000       0x20 ../Athena/board/hercules_tms570LS12x/src/sys_intvecs.o
                0x0000000000000000                resetEntry
                0x0000000000000020                . = ALIGN (0x4)

.text           0x0000000000000020     0x258c
                0x0000000000000020                . = ALIGN (0x4)
 *(.text)
 .text          0x0000000000000020       0x6c /home/aghosh01/NYU_Cubesat_Repos/FlightSoftware/Athena/arm-none-eabi-gcc_4_9_BE/gcc-arm-none-eabi-4_9-2017q2_BE_LINUX/bin/../lib/gcc/arm-none-eabi/4.9.3/armv7-ar/thumb/fpu/eb/crtbegin.o
 .text          0x000000000000008c       0xe0 ../Athena/board/hercules_tms570LS12x/src/sys_pmu.o
                0x000000000000008c                _pmuInit_
                0x00000000000000d8                _pmuEnableCountersGlobal_
                0x00000000000000e8                _pmuDisableCountersGlobal_
                0x00000000000000f8                _pmuResetCycleCounter_
                0x0000000000000108                _pmuResetEventCounters_
                0x0000000000000118                _pmuResetCounters_
                0x0000000000000128                _pmuStartCounters_
                0x0000000000000130                _pmuStopCounters_
                0x0000000000000138                _pmuSetCountEvent_
                0x0000000000000144                _pmuGetCycleCount_
                0x000000000000014c                _pmuGetEventCount_
                0x0000000000000158                _pmuGetOverflow_
 .text          0x000000000000016c       0xe8 ../Athena/board/hercules_tms570LS12x/src/dabort.o
                0x000000000000016c                _dabort
 .text          0x0000000000000254      0x354 ../Athena/board/hercules_tms570LS12x/src/sys_core.o
                0x0000000000000254                _coreInitRegisters_
                0x0000000000000360                _coreInitStackPointer_
                0x00000000000003ac                _getCPSRValue_
                0x00000000000003b4                _gotoCPUIdle_
                0x00000000000003cc                _coreEnableVfp_
                0x00000000000003e4                _coreEnableEventBusExport_
                0x00000000000003f4                _coreDisableEventBusExport_
                0x0000000000000404                _coreEnableRamEcc_
                0x0000000000000414                _coreDisableRamEcc_
                0x0000000000000424                _coreEnableFlashEcc_
                0x0000000000000438                _coreDisableFlashEcc_
                0x0000000000000448                _coreEnableIrqVicOffset_
                0x0000000000000458                _coreGetDataFault_
                0x0000000000000460                _coreClearDataFault_
                0x000000000000046c                _coreGetInstructionFault_
                0x0000000000000474                _coreClearInstructionFault_
                0x0000000000000480                _coreGetDataFaultAddress_
                0x0000000000000488                _coreClearDataFaultAddress_
                0x0000000000000494                _coreGetInstructionFaultAddress_
                0x000000000000049c                _coreClearInstructionFaultAddress_
                0x00000000000004a8                _coreGetAuxiliaryDataFault_
                0x00000000000004b0                _coreClearAuxiliaryDataFault_
                0x00000000000004bc                _coreGetAuxiliaryInstructionFault_
                0x00000000000004c4                _coreClearAuxiliaryInstructionFault_
                0x00000000000004d0                _disable_interrupt_
                0x00000000000004d8                _disable_IRQ_interrupt_
                0x00000000000004e0                _disable_FIQ_interrupt_
                0x00000000000004e8                _enable_interrupt_
                0x00000000000004f0                _esmCcmErrorsClear_
                0x0000000000000578                _errata_CORTEXR4_57_
                0x0000000000000590                _errata_CORTEXR4_66_
 *(.text*)
 .text.exit     0x00000000000005a8       0x20 /home/aghosh01/NYU_Cubesat_Repos/FlightSoftware/Athena/arm-none-eabi-gcc_4_9_BE/gcc-arm-none-eabi-4_9-2017q2_BE_LINUX/bin/../lib/gcc/arm-none-eabi/4.9.3/../../../../arm-none-eabi/lib/armv7-ar/thumb/fpu/eb/libc.a(lib_a-exit.o)
                0x00000000000005a8                exit
 .text.startup.register_fini
                0x00000000000005c8       0x18 /home/aghosh01/NYU_Cubesat_Repos/FlightSoftware/Athena/arm-none-eabi-gcc_4_9_BE/gcc-arm-none-eabi-4_9-2017q2_BE_LINUX/bin/../lib/gcc/arm-none-eabi/4.9.3/../../../../arm-none-eabi/lib/armv7-ar/thumb/fpu/eb/libc.a(lib_a-__call_atexit.o)
 .text.__call_exitprocs
                0x00000000000005e0       0xe4 /home/aghosh01/NYU_Cubesat_Repos/FlightSoftware/Athena/arm-none-eabi-gcc_4_9_BE/gcc-arm-none-eabi-4_9-2017q2_BE_LINUX/bin/../lib/gcc/arm-none-eabi/4.9.3/../../../../arm-none-eabi/lib/armv7-ar/thumb/fpu/eb/libc.a(lib_a-__call_atexit.o)
                0x00000000000005e0                __call_exitprocs
 .text.atexit   0x00000000000006c4        0xc /home/aghosh01/NYU_Cubesat_Repos/FlightSoftware/Athena/arm-none-eabi-gcc_4_9_BE/gcc-arm-none-eabi-4_9-2017q2_BE_LINUX/bin/../lib/gcc/arm-none-eabi/4.9.3/../../../../arm-none-eabi/lib/armv7-ar/thumb/fpu/eb/libc.a(lib_a-atexit.o)
                0x00000000000006c4                atexit
 .text.__libc_fini_array
                0x00000000000006d0       0x30 /home/aghosh01/NYU_Cubesat_Repos/FlightSoftware/Athena/arm-none-eabi-gcc_4_9_BE/gcc-arm-none-eabi-4_9-2017q2_BE_LINUX/bin/../lib/gcc/arm-none-eabi/4.9.3/../../../../arm-none-eabi/lib/armv7-ar/thumb/fpu/eb/libc.a(lib_a-fini.o)
                0x00000000000006d0                __libc_fini_array
 .text.__register_exitproc
                0x0000000000000700       0xa8 /home/aghosh01/NYU_Cubesat_Repos/FlightSoftware/Athena/arm-none-eabi-gcc_4_9_BE/gcc-arm-none-eabi-4_9-2017q2_BE_LINUX/bin/../lib/gcc/arm-none-eabi/4.9.3/../../../../arm-none-eabi/lib/armv7-ar/thumb/fpu/eb/libc.a(lib_a-__atexit.o)
                0x0000000000000700                __register_exitproc
 .text.gioInit  0x00000000000007a8       0x48 ../Athena/board/hercules_tms570LS12x/src/gio.o
                0x00000000000007a8                gioInit
 .text.gioSetDirection
                0x00000000000007f0        0x4 ../Athena/board/hercules_tms570LS12x/src/gio.o
                0x00000000000007f0                gioSetDirection
 .text.gioSetBit
                0x00000000000007f4       0x10 ../Athena/board/hercules_tms570LS12x/src/gio.o
                0x00000000000007f4                gioSetBit
 .text.vimParityErrorHandler
                0x0000000000000804      0x114 ../Athena/board/hercules_tms570LS12x/src/sys_vim.o
                0x0000000000000804                vimParityErrorHandler
 .text.vimInit  0x0000000000000918       0x64 ../Athena/board/hercules_tms570LS12x/src/sys_vim.o
                0x0000000000000918                vimInit
 .text.mapClocks
                0x000000000000097c       0x90 ../Athena/board/hercules_tms570LS12x/src/system.o
                0x000000000000097c                mapClocks
 .text.systemInit
                0x0000000000000a0c      0x134 ../Athena/board/hercules_tms570LS12x/src/system.o
                0x0000000000000a0c                systemInit
 .text.phantomInterrupt
                0x0000000000000b40        0x4 ../Athena/board/hercules_tms570LS12x/src/sys_phantom.o
                0x0000000000000b40                phantomInterrupt
 .text.selftestFailNotification
                0x0000000000000b44        0x4 ../Athena/board/hercules_tms570LS12x/src/sys_selftest.o
                0x0000000000000b44                selftestFailNotification
 .text.memoryInit
                0x0000000000000b48       0x1c ../Athena/board/hercules_tms570LS12x/src/sys_selftest.o
                0x0000000000000b48                memoryInit
 .text.pbistSelfCheck
                0x0000000000000b64      0x174 ../Athena/board/hercules_tms570LS12x/src/sys_selftest.o
                0x0000000000000b64                pbistSelfCheck
 .text.pbistRun
                0x0000000000000cd8       0x58 ../Athena/board/hercules_tms570LS12x/src/sys_selftest.o
                0x0000000000000cd8                pbistRun
 .text.pbistStop
                0x0000000000000d30       0x24 ../Athena/board/hercules_tms570LS12x/src/sys_selftest.o
                0x0000000000000d30                pbistStop
 .text.pbistIsTestCompleted
                0x0000000000000d54        0xc ../Athena/board/hercules_tms570LS12x/src/sys_selftest.o
                0x0000000000000d54                pbistIsTestCompleted
 .text.pbistIsTestPassed
                0x0000000000000d60       0x14 ../Athena/board/hercules_tms570LS12x/src/sys_selftest.o
                0x0000000000000d60                pbistIsTestPassed
 .text.efcStuckZeroTest
                0x0000000000000d74       0x60 ../Athena/board/hercules_tms570LS12x/src/sys_selftest.o
                0x0000000000000d74                efcStuckZeroTest
 .text.efcCheck
                0x0000000000000dd4       0x54 ../Athena/board/hercules_tms570LS12x/src/sys_selftest.o
                0x0000000000000dd4                efcCheck
 .text.checkefcSelfTest
                0x0000000000000e28       0x48 ../Athena/board/hercules_tms570LS12x/src/sys_selftest.o
                0x0000000000000e28                checkefcSelfTest
 .text.custom_dabort
                0x0000000000000e70        0x4 ../Athena/board/hercules_tms570LS12x/src/sys_selftest.o
                0x0000000000000e70                custom_dabort
 .text.vimParityCheck
                0x0000000000000e74       0x70 ../Athena/board/hercules_tms570LS12x/src/sys_selftest.o
                0x0000000000000e74                vimParityCheck
 .text.dmaParityCheck
                0x0000000000000ee4       0x70 ../Athena/board/hercules_tms570LS12x/src/sys_selftest.o
                0x0000000000000ee4                dmaParityCheck
 .text.het1ParityCheck
                0x0000000000000f54       0x64 ../Athena/board/hercules_tms570LS12x/src/sys_selftest.o
                0x0000000000000f54                het1ParityCheck
 .text.htu1ParityCheck
                0x0000000000000fb8       0x6c ../Athena/board/hercules_tms570LS12x/src/sys_selftest.o
                0x0000000000000fb8                htu1ParityCheck
 .text.het2ParityCheck
                0x0000000000001024       0x70 ../Athena/board/hercules_tms570LS12x/src/sys_selftest.o
                0x0000000000001024                het2ParityCheck
 .text.htu2ParityCheck
                0x0000000000001094       0x6c ../Athena/board/hercules_tms570LS12x/src/sys_selftest.o
                0x0000000000001094                htu2ParityCheck
 .text.adc1ParityCheck
                0x0000000000001100       0x6c ../Athena/board/hercules_tms570LS12x/src/sys_selftest.o
                0x0000000000001100                adc1ParityCheck
 .text.adc2ParityCheck
                0x000000000000116c       0x68 ../Athena/board/hercules_tms570LS12x/src/sys_selftest.o
                0x000000000000116c                adc2ParityCheck
 .text.can1ParityCheck
                0x00000000000011d4       0x74 ../Athena/board/hercules_tms570LS12x/src/sys_selftest.o
                0x00000000000011d4                can1ParityCheck
 .text.can2ParityCheck
                0x0000000000001248       0x74 ../Athena/board/hercules_tms570LS12x/src/sys_selftest.o
                0x0000000000001248                can2ParityCheck
 .text.can3ParityCheck
                0x00000000000012bc       0x74 ../Athena/board/hercules_tms570LS12x/src/sys_selftest.o
                0x00000000000012bc                can3ParityCheck
 .text.mibspi1ParityCheck
                0x0000000000001330       0xa0 ../Athena/board/hercules_tms570LS12x/src/sys_selftest.o
                0x0000000000001330                mibspi1ParityCheck
 .text.mibspi3ParityCheck
                0x00000000000013d0       0xa0 ../Athena/board/hercules_tms570LS12x/src/sys_selftest.o
                0x00000000000013d0                mibspi3ParityCheck
 .text.mibspi5ParityCheck
                0x0000000000001470       0xa0 ../Athena/board/hercules_tms570LS12x/src/sys_selftest.o
                0x0000000000001470                mibspi5ParityCheck
 .text.checkRAMECC
                0x0000000000001510      0x158 ../Athena/board/hercules_tms570LS12x/src/sys_selftest.o
                0x0000000000001510                checkRAMECC
 .text.pbistFail
                0x0000000000001668       0x20 ../Athena/board/hercules_tms570LS12x/src/sys_selftest.o
                0x0000000000001668                pbistFail
 .text.errata_PBIST_4
                0x0000000000001688      0x220 ../Athena/board/hercules_tms570LS12x/src/sys_selftest.o
                0x0000000000001688                errata_PBIST_4
 .text.enableParity
                0x00000000000018a8       0x8c ../Athena/board/hercules_tms570LS12x/src/sys_selftest.o
                0x00000000000018a8                enableParity
 .text.disableParity
                0x0000000000001934       0x8c ../Athena/board/hercules_tms570LS12x/src/sys_selftest.o
                0x0000000000001934                disableParity
 .text.i2cInit  0x00000000000019c0       0x50 ../Athena/board/hercules_tms570LS12x/src/i2c.o
                0x00000000000019c0                i2cInit
 .text.i2cSendByte
                0x0000000000001a10        0xc ../Athena/board/hercules_tms570LS12x/src/i2c.o
                0x0000000000001a10                i2cSendByte
 .text.esmInit  0x0000000000001a1c       0x54 ../Athena/board/hercules_tms570LS12x/src/esm.o
                0x0000000000001a1c                esmInit
 .text.esmHighInterrupt
                0x0000000000001a70       0x74 ../Athena/board/hercules_tms570LS12x/src/esm.o
                0x0000000000001a70                esmHighInterrupt
 .text.canInit  0x0000000000001ae4      0x19c ../Athena/board/hercules_tms570LS12x/src/can.o
                0x0000000000001ae4                canInit
 .text.canTransmit
                0x0000000000001c80       0x54 ../Athena/board/hercules_tms570LS12x/src/can.o
                0x0000000000001c80                canTransmit
 .text.muxInit  0x0000000000001cd4      0x2c8 ../Athena/board/hercules_tms570LS12x/src/pinmux.o
                0x0000000000001cd4                muxInit
 .text._c_int00
                0x0000000000001f9c      0x1e8 ../Athena/board/hercules_tms570LS12x/src/sys_startup.o
                0x0000000000001f9c                _c_int00
 .text.startup.main
                0x0000000000002184      0x180 tms570_launchpad_tester.o
                0x0000000000002184                main
 .text.TEST_FOO
                0x0000000000002304        0xc user_source/foo.o
                0x0000000000002304                TEST_FOO
 .text.mpu9250_write_register
                0x0000000000002310       0x54 user_source/hal_interface/imu_hal.o
 .text.imu_hal_init
                0x0000000000002364       0x3c user_source/hal_interface/imu_hal.o
                0x0000000000002364                imu_hal_init
 .text.initialize_imu
                0x00000000000023a0       0x54 user_source/hal_interface/imu_hal.o
                0x00000000000023a0                initialize_imu
 .text.get_raw_imu_data
                0x00000000000023f4       0xec user_source/hal_interface/imu_hal.o
                0x00000000000023f4                get_raw_imu_data
 .text.board_led_init
                0x00000000000024e0       0x24 user_source/hal_interface/board_led.o
                0x00000000000024e0                board_led_init
 .text.board_led_on
                0x0000000000002504       0x28 user_source/hal_interface/board_led.o
                0x0000000000002504                board_led_on
 .text.board_led_off
                0x000000000000252c       0x28 user_source/hal_interface/board_led.o
                0x000000000000252c                board_led_off
 .text.esmGroup1Notification
                0x0000000000002554        0x4 user_source/hal_interface/notification.o
                0x0000000000002554                esmGroup1Notification
 .text.esmGroup2Notification
                0x0000000000002558        0x4 user_source/hal_interface/notification.o
                0x0000000000002558                esmGroup2Notification
 .text.memoryPort0TestFailNotification
                0x000000000000255c        0x4 user_source/hal_interface/notification.o
                0x000000000000255c                memoryPort0TestFailNotification
 .text.cpu_init
                0x0000000000002560       0x14 user_source/hal_interface/cpu_hal_interface.o
                0x0000000000002560                cpu_init
 .text.cpu_sw_delay
                0x0000000000002574       0x1c user_source/hal_interface/cpu_hal_interface.o
                0x0000000000002574                cpu_sw_delay
 .text._exit    0x0000000000002590        0x4 /home/aghosh01/NYU_Cubesat_Repos/FlightSoftware/Athena/arm-none-eabi-gcc_4_9_BE/gcc-arm-none-eabi-4_9-2017q2_BE_LINUX/bin/../lib/gcc/arm-none-eabi/4.9.3/../../../../arm-none-eabi/lib/armv7-ar/thumb/fpu/eb/libnosys.a(_exit.o)
                0x0000000000002590                _exit
 *(.glue_7)
 .glue_7        0x0000000000000000        0x0 linker stubs
 *(.glue_7t)
 .glue_7t       0x0000000000000000        0x0 linker stubs
 *(.eh_frame)
 .eh_frame      0x0000000000002594        0x0 /home/aghosh01/NYU_Cubesat_Repos/FlightSoftware/Athena/arm-none-eabi-gcc_4_9_BE/gcc-arm-none-eabi-4_9-2017q2_BE_LINUX/bin/../lib/gcc/arm-none-eabi/4.9.3/armv7-ar/thumb/fpu/eb/crtbegin.o
 *(.init)
 .init          0x0000000000002594        0x4 /home/aghosh01/NYU_Cubesat_Repos/FlightSoftware/Athena/arm-none-eabi-gcc_4_9_BE/gcc-arm-none-eabi-4_9-2017q2_BE_LINUX/bin/../lib/gcc/arm-none-eabi/4.9.3/armv7-ar/thumb/fpu/eb/crti.o
                0x0000000000002594                _init
 .init          0x0000000000002598        0x8 /home/aghosh01/NYU_Cubesat_Repos/FlightSoftware/Athena/arm-none-eabi-gcc_4_9_BE/gcc-arm-none-eabi-4_9-2017q2_BE_LINUX/bin/../lib/gcc/arm-none-eabi/4.9.3/armv7-ar/thumb/fpu/eb/crtn.o
 *(.fini)
 .fini          0x00000000000025a0        0x4 /home/aghosh01/NYU_Cubesat_Repos/FlightSoftware/Athena/arm-none-eabi-gcc_4_9_BE/gcc-arm-none-eabi-4_9-2017q2_BE_LINUX/bin/../lib/gcc/arm-none-eabi/4.9.3/armv7-ar/thumb/fpu/eb/crti.o
                0x00000000000025a0                _fini
 .fini          0x00000000000025a4        0x8 /home/aghosh01/NYU_Cubesat_Repos/FlightSoftware/Athena/arm-none-eabi-gcc_4_9_BE/gcc-arm-none-eabi-4_9-2017q2_BE_LINUX/bin/../lib/gcc/arm-none-eabi/4.9.3/armv7-ar/thumb/fpu/eb/crtn.o
                0x00000000000025ac                . = ALIGN (0x4)
                0x00000000000025ac                _etext = .

.vfp11_veneer   0x00000000000025ac        0x0
 .vfp11_veneer  0x0000000000000000        0x0 linker stubs

.v4_bx          0x00000000000025ac        0x0
 .v4_bx         0x0000000000000000        0x0 linker stubs

.iplt           0x00000000000025ac        0x0
 .iplt          0x0000000000000000        0x0 /home/aghosh01/NYU_Cubesat_Repos/FlightSoftware/Athena/arm-none-eabi-gcc_4_9_BE/gcc-arm-none-eabi-4_9-2017q2_BE_LINUX/bin/../lib/gcc/arm-none-eabi/4.9.3/armv7-ar/thumb/fpu/eb/crtbegin.o

.rodata         0x00000000000025ac      0x230
                0x00000000000025ac                . = ALIGN (0x4)
 *(.rodata)
 .rodata        0x00000000000025ac      0x200 ../Athena/board/hercules_tms570LS12x/src/sys_vim.o
 .rodata        0x00000000000027ac       0x20 ../Athena/board/hercules_tms570LS12x/src/can.o
 .rodata        0x00000000000027cc        0x8 user_source/hal_interface/imu_hal.o
 *(.rodata*)
 .rodata.str1.4
                0x00000000000027d4        0x4 /home/aghosh01/NYU_Cubesat_Repos/FlightSoftware/Athena/arm-none-eabi-gcc_4_9_BE/gcc-arm-none-eabi-4_9-2017q2_BE_LINUX/bin/../lib/gcc/arm-none-eabi/4.9.3/../../../../arm-none-eabi/lib/armv7-ar/thumb/fpu/eb/libc.a(lib_a-impure.o)
 .rodata._global_impure_ptr
                0x00000000000027d8        0x4 /home/aghosh01/NYU_Cubesat_Repos/FlightSoftware/Athena/arm-none-eabi-gcc_4_9_BE/gcc-arm-none-eabi-4_9-2017q2_BE_LINUX/bin/../lib/gcc/arm-none-eabi/4.9.3/../../../../arm-none-eabi/lib/armv7-ar/thumb/fpu/eb/libc.a(lib_a-impure.o)
                0x00000000000027d8                _global_impure_ptr
                0x00000000000027dc                . = ALIGN (0x4)

.rel.dyn        0x00000000000027dc        0x0
 .rel.iplt      0x0000000000000000        0x0 /home/aghosh01/NYU_Cubesat_Repos/FlightSoftware/Athena/arm-none-eabi-gcc_4_9_BE/gcc-arm-none-eabi-4_9-2017q2_BE_LINUX/bin/../lib/gcc/arm-none-eabi/4.9.3/armv7-ar/thumb/fpu/eb/crtbegin.o

.ARM.extab
 *(.ARM.extab* .gnu.linkonce.armextab.*)

.ARM            0x00000000000027dc        0x0
                0x00000000000027dc                __exidx_start = .
 *(.ARM.exidx*)
                0x00000000000027dc                __exidx_end = .

.preinit_array  0x00000000000027dc        0x0
                0x00000000000027dc                PROVIDE (__preinit_array_start, .)
 *(.preinit_array*)
                0x00000000000027dc                PROVIDE (__preinit_array_end, .)

.init_array     0x00000000000027dc        0x8
                0x00000000000027dc                PROVIDE (__init_array_start, .)
 *(SORT(.init_array.*))
 .init_array.00000
                0x00000000000027dc        0x4 /home/aghosh01/NYU_Cubesat_Repos/FlightSoftware/Athena/arm-none-eabi-gcc_4_9_BE/gcc-arm-none-eabi-4_9-2017q2_BE_LINUX/bin/../lib/gcc/arm-none-eabi/4.9.3/../../../../arm-none-eabi/lib/armv7-ar/thumb/fpu/eb/libc.a(lib_a-__call_atexit.o)
 *(.init_array*)
 .init_array    0x00000000000027e0        0x4 /home/aghosh01/NYU_Cubesat_Repos/FlightSoftware/Athena/arm-none-eabi-gcc_4_9_BE/gcc-arm-none-eabi-4_9-2017q2_BE_LINUX/bin/../lib/gcc/arm-none-eabi/4.9.3/armv7-ar/thumb/fpu/eb/crtbegin.o
                0x00000000000027e4                PROVIDE (__init_array_end, .)

.fini_array     0x00000000000027e4        0x4
                0x00000000000027e4                PROVIDE (__fini_array_start, .)
 *(SORT(.fini_array.*))
 *(.fini_array*)
 .fini_array    0x00000000000027e4        0x4 /home/aghosh01/NYU_Cubesat_Repos/FlightSoftware/Athena/arm-none-eabi-gcc_4_9_BE/gcc-arm-none-eabi-4_9-2017q2_BE_LINUX/bin/../lib/gcc/arm-none-eabi/4.9.3/armv7-ar/thumb/fpu/eb/crtbegin.o
                0x00000000000027e8                PROVIDE (__fini_array_end, .)
                0x00000000000027e8                _sidata = LOADADDR (.data)

.data           0x0000000008001500      0x428 load address 0x00000000000027e8
                0x0000000008001500                . = ALIGN (0x4)
                0x0000000008001500                _sdata = .
 *(.data)
 *(.data*)
 .data.impure_data
                0x0000000008001500      0x428 /home/aghosh01/NYU_Cubesat_Repos/FlightSoftware/Athena/arm-none-eabi-gcc_4_9_BE/gcc-arm-none-eabi-4_9-2017q2_BE_LINUX/bin/../lib/gcc/arm-none-eabi/4.9.3/../../../../arm-none-eabi/lib/armv7-ar/thumb/fpu/eb/libc.a(lib_a-impure.o)
                0x0000000008001928                . = ALIGN (0x4)
                0x0000000008001928                _edata = .

.jcr            0x0000000008001928        0x0 load address 0x0000000000002c10
 .jcr           0x0000000008001928        0x0 /home/aghosh01/NYU_Cubesat_Repos/FlightSoftware/Athena/arm-none-eabi-gcc_4_9_BE/gcc-arm-none-eabi-4_9-2017q2_BE_LINUX/bin/../lib/gcc/arm-none-eabi/4.9.3/armv7-ar/thumb/fpu/eb/crtbegin.o

.igot.plt       0x0000000008001928        0x0 load address 0x0000000000002c10
 .igot.plt      0x0000000000000000        0x0 /home/aghosh01/NYU_Cubesat_Repos/FlightSoftware/Athena/arm-none-eabi-gcc_4_9_BE/gcc-arm-none-eabi-4_9-2017q2_BE_LINUX/bin/../lib/gcc/arm-none-eabi/4.9.3/armv7-ar/thumb/fpu/eb/crtbegin.o
                0x0000000008001928                . = ALIGN (0x4)

.bss            0x0000000008001928       0x3c load address 0x0000000000002c10
                0x0000000008001928                _sbss = .
                0x0000000008001928                __bss_start__ = _sbss
 *(.bss)
 .bss           0x0000000008001928       0x1c /home/aghosh01/NYU_Cubesat_Repos/FlightSoftware/Athena/arm-none-eabi-gcc_4_9_BE/gcc-arm-none-eabi-4_9-2017q2_BE_LINUX/bin/../lib/gcc/arm-none-eabi/4.9.3/armv7-ar/thumb/fpu/eb/crtbegin.o
 .bss           0x0000000008001944        0xc ../Athena/board/hercules_tms570LS12x/src/i2c.o
 .bss           0x0000000008001950       0x14 tms570_launchpad_tester.o
 *(.bss*)
 *(COMMON)
                0x0000000008001964                . = ALIGN (0x4)
                0x0000000008001964                _ebss = .
                0x0000000008001964                __bss_end__ = _ebss
                0x0000000008001964                PROVIDE (end, _ebss)
                0x0000000008001964                PROVIDE (_end, _ebss)

.memory_b1_text
 *(.mb1text)
 *(.mb1text*)
 *(.mb1rodata)
 *(.mb1rodata*)

/DISCARD/
 libc.a(*)
 libm.a(*)
 libgcc.a(*)

.ARM.attributes
                0x0000000000000000       0x2d
 *(.ARM.attributes)
 .ARM.attributes
                0x0000000000000000       0x1b /home/aghosh01/NYU_Cubesat_Repos/FlightSoftware/Athena/arm-none-eabi-gcc_4_9_BE/gcc-arm-none-eabi-4_9-2017q2_BE_LINUX/bin/../lib/gcc/arm-none-eabi/4.9.3/armv7-ar/thumb/fpu/eb/crti.o
 .ARM.attributes
                0x000000000000001b       0x2d /home/aghosh01/NYU_Cubesat_Repos/FlightSoftware/Athena/arm-none-eabi-gcc_4_9_BE/gcc-arm-none-eabi-4_9-2017q2_BE_LINUX/bin/../lib/gcc/arm-none-eabi/4.9.3/armv7-ar/thumb/fpu/eb/crtbegin.o
 .ARM.attributes
                0x0000000000000048       0x3a ../Athena/board/hercules_tms570LS12x/src/gio.o
 .ARM.attributes
                0x0000000000000082       0x3a ../Athena/board/hercules_tms570LS12x/src/sys_vim.o
 .ARM.attributes
                0x00000000000000bc       0x3a ../Athena/board/hercules_tms570LS12x/src/system.o
 .ARM.attributes
                0x00000000000000f6       0x3a ../Athena/board/hercules_tms570LS12x/src/sys_phantom.o
 .ARM.attributes
                0x0000000000000130       0x3a ../Athena/board/hercules_tms570LS12x/src/sys_selftest.o
 .ARM.attributes
                0x000000000000016a       0x3a ../Athena/board/hercules_tms570LS12x/src/i2c.o
 .ARM.attributes
                0x00000000000001a4       0x3a ../Athena/board/hercules_tms570LS12x/src/esm.o
 .ARM.attributes
                0x00000000000001de       0x3a ../Athena/board/hercules_tms570LS12x/src/can.o
 .ARM.attributes
                0x0000000000000218       0x3a ../Athena/board/hercules_tms570LS12x/src/pinmux.o
 .ARM.attributes
                0x0000000000000252       0x3a ../Athena/board/hercules_tms570LS12x/src/sys_startup.o
 .ARM.attributes
                0x000000000000028c       0x25 ../Athena/board/hercules_tms570LS12x/src/sys_pmu.o
 .ARM.attributes
                0x00000000000002b1       0x25 ../Athena/board/hercules_tms570LS12x/src/dabort.o
 .ARM.attributes
                0x00000000000002d6       0x25 ../Athena/board/hercules_tms570LS12x/src/sys_core.o
 .ARM.attributes
                0x00000000000002fb       0x25 ../Athena/board/hercules_tms570LS12x/src/sys_intvecs.o
 .ARM.attributes
                0x0000000000000320       0x3a tms570_launchpad_tester.o
 .ARM.attributes
                0x000000000000035a       0x3a user_source/foo.o
 .ARM.attributes
                0x0000000000000394       0x3a user_source/hal_interface/imu_hal.o
 .ARM.attributes
                0x00000000000003ce       0x3a user_source/hal_interface/board_led.o
 .ARM.attributes
                0x0000000000000408       0x3a user_source/hal_interface/notification.o
 .ARM.attributes
                0x0000000000000442       0x3a user_source/hal_interface/cpu_hal_interface.o
 .ARM.attributes
                0x000000000000047c       0x2d /home/aghosh01/NYU_Cubesat_Repos/FlightSoftware/Athena/arm-none-eabi-gcc_4_9_BE/gcc-arm-none-eabi-4_9-2017q2_BE_LINUX/bin/../lib/gcc/arm-none-eabi/4.9.3/../../../../arm-none-eabi/lib/armv7-ar/thumb/fpu/eb/libnosys.a(_exit.o)
 .ARM.attributes
                0x00000000000004a9       0x1b /home/aghosh01/NYU_Cubesat_Repos/FlightSoftware/Athena/arm-none-eabi-gcc_4_9_BE/gcc-arm-none-eabi-4_9-2017q2_BE_LINUX/bin/../lib/gcc/arm-none-eabi/4.9.3/armv7-ar/thumb/fpu/eb/crtn.o
LOAD ../Athena/board/hercules_tms570LS12x/src/sys_pmm.o
LOAD ../Athena/board/hercules_tms570LS12x/src/gio.o
LOAD ../Athena/board/hercules_tms570LS12x/src/sci.o
LOAD ../Athena/board/hercules_tms570LS12x/src/sys_vim.o
LOAD ../Athena/board/hercules_tms570LS12x/src/system.o
LOAD ../Athena/board/hercules_tms570LS12x/src/sys_phantom.o
LOAD ../Athena/board/hercules_tms570LS12x/src/sys_selftest.o
LOAD ../Athena/board/hercules_tms570LS12x/src/rti.o
LOAD ../Athena/board/hercules_tms570LS12x/src/i2c.o
LOAD ../Athena/board/hercules_tms570LS12x/src/sys_pcr.o
LOAD ../Athena/board/hercules_tms570LS12x/src/esm.o
LOAD ../Athena/board/hercules_tms570LS12x/src/can.o
LOAD ../Athena/board/hercules_tms570LS12x/src/pinmux.o
LOAD ../Athena/board/hercules_tms570LS12x/src/sys_dma.o
LOAD ../Athena/board/hercules_tms570LS12x/src/sys_startup.o
LOAD ../Athena/board/hercules_tms570LS12x/src/sys_pmu.o
LOAD ../Athena/board/hercules_tms570LS12x/src/dabort.o
LOAD ../Athena/board/hercules_tms570LS12x/src/sys_core.o
LOAD ../Athena/board/hercules_tms570LS12x/src/sys_intvecs.o
LOAD ../Athena/board/hercules_tms570LS12x/src/sys_mpu.o
LOAD tms570_launchpad_tester.o
LOAD user_source/imu.o
LOAD user_source/foo.o
LOAD user_source/hal_interface/imu_hal.o
LOAD user_source/hal_interface/board_led.o
LOAD user_source/hal_interface/notification.o
LOAD user_source/hal_interface/cpu_hal_interface.o
LOAD /home/aghosh01/NYU_Cubesat_Repos/FlightSoftware/Athena/arm-none-eabi-gcc_4_9_BE/gcc-arm-none-eabi-4_9-2017q2_BE_LINUX/bin/../lib/gcc/arm-none-eabi/4.9.3/../../../../arm-none-eabi/lib/armv7-ar/thumb/fpu/eb/libm.a
LOAD /home/aghosh01/NYU_Cubesat_Repos/FlightSoftware/Athena/arm-none-eabi-gcc_4_9_BE/gcc-arm-none-eabi-4_9-2017q2_BE_LINUX/bin/../lib/gcc/arm-none-eabi/4.9.3/../../../../arm-none-eabi/lib/armv7-ar/thumb/fpu/eb/libc.a
START GROUP
LOAD /home/aghosh01/NYU_Cubesat_Repos/FlightSoftware/Athena/arm-none-eabi-gcc_4_9_BE/gcc-arm-none-eabi-4_9-2017q2_BE_LINUX/bin/../lib/gcc/arm-none-eabi/4.9.3/armv7-ar/thumb/fpu/eb/libgcc.a
LOAD /home/aghosh01/NYU_Cubesat_Repos/FlightSoftware/Athena/arm-none-eabi-gcc_4_9_BE/gcc-arm-none-eabi-4_9-2017q2_BE_LINUX/bin/../lib/gcc/arm-none-eabi/4.9.3/../../../../arm-none-eabi/lib/armv7-ar/thumb/fpu/eb/libc.a
END GROUP
START GROUP
LOAD /home/aghosh01/NYU_Cubesat_Repos/FlightSoftware/Athena/arm-none-eabi-gcc_4_9_BE/gcc-arm-none-eabi-4_9-2017q2_BE_LINUX/bin/../lib/gcc/arm-none-eabi/4.9.3/armv7-ar/thumb/fpu/eb/libgcc.a
LOAD /home/aghosh01/NYU_Cubesat_Repos/FlightSoftware/Athena/arm-none-eabi-gcc_4_9_BE/gcc-arm-none-eabi-4_9-2017q2_BE_LINUX/bin/../lib/gcc/arm-none-eabi/4.9.3/../../../../arm-none-eabi/lib/armv7-ar/thumb/fpu/eb/libc.a
LOAD /home/aghosh01/NYU_Cubesat_Repos/FlightSoftware/Athena/arm-none-eabi-gcc_4_9_BE/gcc-arm-none-eabi-4_9-2017q2_BE_LINUX/bin/../lib/gcc/arm-none-eabi/4.9.3/../../../../arm-none-eabi/lib/armv7-ar/thumb/fpu/eb/libnosys.a
END GROUP
LOAD /home/aghosh01/NYU_Cubesat_Repos/FlightSoftware/Athena/arm-none-eabi-gcc_4_9_BE/gcc-arm-none-eabi-4_9-2017q2_BE_LINUX/bin/../lib/gcc/arm-none-eabi/4.9.3/armv7-ar/thumb/fpu/eb/crtend.o
LOAD /home/aghosh01/NYU_Cubesat_Repos/FlightSoftware/Athena/arm-none-eabi-gcc_4_9_BE/gcc-arm-none-eabi-4_9-2017q2_BE_LINUX/bin/../lib/gcc/arm-none-eabi/4.9.3/armv7-ar/thumb/fpu/eb/crtn.o
OUTPUT(tms570_launchpad_tester.elf elf32-bigarm)

.debug_info     0x0000000000000000     0x8e2d
 .debug_info    0x0000000000000000      0x4a5 ../Athena/board/hercules_tms570LS12x/src/gio.o
 .debug_info    0x00000000000004a5      0x6d7 ../Athena/board/hercules_tms570LS12x/src/sys_vim.o
 .debug_info    0x0000000000000b7c      0xffc ../Athena/board/hercules_tms570LS12x/src/system.o
 .debug_info    0x0000000000001b78       0x99 ../Athena/board/hercules_tms570LS12x/src/sys_phantom.o
 .debug_info    0x0000000000001c11     0x2b65 ../Athena/board/hercules_tms570LS12x/src/sys_selftest.o
 .debug_info    0x0000000000004776      0xa3c ../Athena/board/hercules_tms570LS12x/src/i2c.o
 .debug_info    0x00000000000051b2      0x648 ../Athena/board/hercules_tms570LS12x/src/esm.o
 .debug_info    0x00000000000057fa      0xb7e ../Athena/board/hercules_tms570LS12x/src/can.o
 .debug_info    0x0000000000006378      0x62c ../Athena/board/hercules_tms570LS12x/src/pinmux.o
 .debug_info    0x00000000000069a4      0x9a1 ../Athena/board/hercules_tms570LS12x/src/sys_startup.o
 .debug_info    0x0000000000007345       0xa3 ../Athena/board/hercules_tms570LS12x/src/sys_pmu.o
 .debug_info    0x00000000000073e8       0xa2 ../Athena/board/hercules_tms570LS12x/src/dabort.o
 .debug_info    0x000000000000748a       0xa4 ../Athena/board/hercules_tms570LS12x/src/sys_core.o
 .debug_info    0x000000000000752e       0xa7 ../Athena/board/hercules_tms570LS12x/src/sys_intvecs.o
 .debug_info    0x00000000000075d5      0x81c tms570_launchpad_tester.o
 .debug_info    0x0000000000007df1       0xaf user_source/foo.o
 .debug_info    0x0000000000007ea0      0x74c user_source/hal_interface/imu_hal.o
 .debug_info    0x00000000000085ec      0x2c3 user_source/hal_interface/board_led.o
 .debug_info    0x00000000000088af      0x454 user_source/hal_interface/notification.o
 .debug_info    0x0000000000008d03      0x12a user_source/hal_interface/cpu_hal_interface.o

.debug_abbrev   0x0000000000000000     0x1854
 .debug_abbrev  0x0000000000000000      0x116 ../Athena/board/hercules_tms570LS12x/src/gio.o
 .debug_abbrev  0x0000000000000116      0x1c9 ../Athena/board/hercules_tms570LS12x/src/sys_vim.o
 .debug_abbrev  0x00000000000002df      0x22f ../Athena/board/hercules_tms570LS12x/src/system.o
 .debug_abbrev  0x000000000000050e       0x42 ../Athena/board/hercules_tms570LS12x/src/sys_phantom.o
 .debug_abbrev  0x0000000000000550      0x377 ../Athena/board/hercules_tms570LS12x/src/sys_selftest.o
 .debug_abbrev  0x00000000000008c7      0x1c6 ../Athena/board/hercules_tms570LS12x/src/i2c.o
 .debug_abbrev  0x0000000000000a8d      0x1cc ../Athena/board/hercules_tms570LS12x/src/esm.o
 .debug_abbrev  0x0000000000000c59      0x196 ../Athena/board/hercules_tms570LS12x/src/can.o
 .debug_abbrev  0x0000000000000def       0xe9 ../Athena/board/hercules_tms570LS12x/src/pinmux.o
 .debug_abbrev  0x0000000000000ed8      0x19d ../Athena/board/hercules_tms570LS12x/src/sys_startup.o
 .debug_abbrev  0x0000000000001075       0x14 ../Athena/board/hercules_tms570LS12x/src/sys_pmu.o
 .debug_abbrev  0x0000000000001089       0x14 ../Athena/board/hercules_tms570LS12x/src/dabort.o
 .debug_abbrev  0x000000000000109d       0x14 ../Athena/board/hercules_tms570LS12x/src/sys_core.o
 .debug_abbrev  0x00000000000010b1       0x14 ../Athena/board/hercules_tms570LS12x/src/sys_intvecs.o
 .debug_abbrev  0x00000000000010c5      0x1bb tms570_launchpad_tester.o
 .debug_abbrev  0x0000000000001280       0xa3 user_source/foo.o
 .debug_abbrev  0x0000000000001323      0x26c user_source/hal_interface/imu_hal.o
 .debug_abbrev  0x000000000000158f      0x13e user_source/hal_interface/board_led.o
 .debug_abbrev  0x00000000000016cd       0xee user_source/hal_interface/notification.o
 .debug_abbrev  0x00000000000017bb       0x99 user_source/hal_interface/cpu_hal_interface.o

.debug_loc      0x0000000000000000     0x1ef2
 .debug_loc     0x0000000000000000       0xc4 ../Athena/board/hercules_tms570LS12x/src/gio.o
 .debug_loc     0x00000000000000c4      0x381 ../Athena/board/hercules_tms570LS12x/src/sys_vim.o
 .debug_loc     0x0000000000000445       0xb0 ../Athena/board/hercules_tms570LS12x/src/system.o
 .debug_loc     0x00000000000004f5      0x78c ../Athena/board/hercules_tms570LS12x/src/sys_selftest.o
 .debug_loc     0x0000000000000c81      0x3a2 ../Athena/board/hercules_tms570LS12x/src/i2c.o
 .debug_loc     0x0000000000001023      0x1c5 ../Athena/board/hercules_tms570LS12x/src/esm.o
 .debug_loc     0x00000000000011e8      0x8b7 ../Athena/board/hercules_tms570LS12x/src/can.o
 .debug_loc     0x0000000000001a9f       0x2b ../Athena/board/hercules_tms570LS12x/src/sys_startup.o
 .debug_loc     0x0000000000001aca       0x44 tms570_launchpad_tester.o
 .debug_loc     0x0000000000001b0e       0x4e user_source/foo.o
 .debug_loc     0x0000000000001b5c      0x264 user_source/hal_interface/imu_hal.o
 .debug_loc     0x0000000000001dc0       0xae user_source/hal_interface/board_led.o
 .debug_loc     0x0000000000001e6e       0x84 user_source/hal_interface/cpu_hal_interface.o

.debug_aranges  0x0000000000000000      0x750
 .debug_aranges
                0x0000000000000000       0x68 ../Athena/board/hercules_tms570LS12x/src/gio.o
 .debug_aranges
                0x0000000000000068       0x48 ../Athena/board/hercules_tms570LS12x/src/sys_vim.o
 .debug_aranges
                0x00000000000000b0       0x68 ../Athena/board/hercules_tms570LS12x/src/system.o
 .debug_aranges
                0x0000000000000118       0x20 ../Athena/board/hercules_tms570LS12x/src/sys_phantom.o
 .debug_aranges
                0x0000000000000138      0x1c0 ../Athena/board/hercules_tms570LS12x/src/sys_selftest.o
 .debug_aranges
                0x00000000000002f8       0xe0 ../Athena/board/hercules_tms570LS12x/src/i2c.o
 .debug_aranges
                0x00000000000003d8       0xa8 ../Athena/board/hercules_tms570LS12x/src/esm.o
 .debug_aranges
                0x0000000000000480       0xd0 ../Athena/board/hercules_tms570LS12x/src/can.o
 .debug_aranges
                0x0000000000000550       0x28 ../Athena/board/hercules_tms570LS12x/src/pinmux.o
 .debug_aranges
                0x0000000000000578       0x20 ../Athena/board/hercules_tms570LS12x/src/sys_startup.o
 .debug_aranges
                0x0000000000000598       0x20 ../Athena/board/hercules_tms570LS12x/src/sys_pmu.o
 .debug_aranges
                0x00000000000005b8       0x20 ../Athena/board/hercules_tms570LS12x/src/dabort.o
 .debug_aranges
                0x00000000000005d8       0x20 ../Athena/board/hercules_tms570LS12x/src/sys_core.o
 .debug_aranges
                0x00000000000005f8       0x20 ../Athena/board/hercules_tms570LS12x/src/sys_intvecs.o
 .debug_aranges
                0x0000000000000618       0x20 tms570_launchpad_tester.o
 .debug_aranges
                0x0000000000000638       0x28 user_source/foo.o
 .debug_aranges
                0x0000000000000660       0x38 user_source/hal_interface/imu_hal.o
 .debug_aranges
                0x0000000000000698       0x38 user_source/hal_interface/board_led.o
 .debug_aranges
                0x00000000000006d0       0x58 user_source/hal_interface/notification.o
 .debug_aranges
                0x0000000000000728       0x28 user_source/hal_interface/cpu_hal_interface.o

.debug_ranges   0x0000000000000000      0x710
 .debug_ranges  0x0000000000000000       0x58 ../Athena/board/hercules_tms570LS12x/src/gio.o
 .debug_ranges  0x0000000000000058       0xa0 ../Athena/board/hercules_tms570LS12x/src/sys_vim.o
 .debug_ranges  0x00000000000000f8       0xa0 ../Athena/board/hercules_tms570LS12x/src/system.o
 .debug_ranges  0x0000000000000198       0x10 ../Athena/board/hercules_tms570LS12x/src/sys_phantom.o
 .debug_ranges  0x00000000000001a8      0x1e0 ../Athena/board/hercules_tms570LS12x/src/sys_selftest.o
 .debug_ranges  0x0000000000000388       0xd0 ../Athena/board/hercules_tms570LS12x/src/i2c.o
 .debug_ranges  0x0000000000000458       0x98 ../Athena/board/hercules_tms570LS12x/src/esm.o
 .debug_ranges  0x00000000000004f0       0xc0 ../Athena/board/hercules_tms570LS12x/src/can.o
 .debug_ranges  0x00000000000005b0       0x18 ../Athena/board/hercules_tms570LS12x/src/pinmux.o
 .debug_ranges  0x00000000000005c8       0x10 ../Athena/board/hercules_tms570LS12x/src/sys_startup.o
 .debug_ranges  0x00000000000005d8       0x10 tms570_launchpad_tester.o
 .debug_ranges  0x00000000000005e8       0x18 user_source/foo.o
 .debug_ranges  0x0000000000000600       0x88 user_source/hal_interface/imu_hal.o
 .debug_ranges  0x0000000000000688       0x28 user_source/hal_interface/board_led.o
 .debug_ranges  0x00000000000006b0       0x48 user_source/hal_interface/notification.o
 .debug_ranges  0x00000000000006f8       0x18 user_source/hal_interface/cpu_hal_interface.o

.debug_line     0x0000000000000000     0x4058
 .debug_line    0x0000000000000000      0x315 ../Athena/board/hercules_tms570LS12x/src/gio.o
 .debug_line    0x0000000000000315      0x4b0 ../Athena/board/hercules_tms570LS12x/src/sys_vim.o
 .debug_line    0x00000000000007c5      0x53a ../Athena/board/hercules_tms570LS12x/src/system.o
 .debug_line    0x0000000000000cff       0x67 ../Athena/board/hercules_tms570LS12x/src/sys_phantom.o
 .debug_line    0x0000000000000d66      0xf4b ../Athena/board/hercules_tms570LS12x/src/sys_selftest.o
 .debug_line    0x0000000000001cb1      0x481 ../Athena/board/hercules_tms570LS12x/src/i2c.o
 .debug_line    0x0000000000002132      0x3b8 ../Athena/board/hercules_tms570LS12x/src/esm.o
 .debug_line    0x00000000000024ea      0x58c ../Athena/board/hercules_tms570LS12x/src/can.o
 .debug_line    0x0000000000002a76      0x2fe ../Athena/board/hercules_tms570LS12x/src/pinmux.o
 .debug_line    0x0000000000002d74      0x2f0 ../Athena/board/hercules_tms570LS12x/src/sys_startup.o
 .debug_line    0x0000000000003064       0xaf ../Athena/board/hercules_tms570LS12x/src/sys_pmu.o
 .debug_line    0x0000000000003113       0x94 ../Athena/board/hercules_tms570LS12x/src/dabort.o
 .debug_line    0x00000000000031a7      0x161 ../Athena/board/hercules_tms570LS12x/src/sys_core.o
 .debug_line    0x0000000000003308       0x6d ../Athena/board/hercules_tms570LS12x/src/sys_intvecs.o
 .debug_line    0x0000000000003375      0x2d6 tms570_launchpad_tester.o
 .debug_line    0x000000000000364b       0x55 user_source/foo.o
 .debug_line    0x00000000000036a0      0x2f4 user_source/hal_interface/imu_hal.o
 .debug_line    0x0000000000003994      0x24b user_source/hal_interface/board_led.o
 .debug_line    0x0000000000003bdf      0x26a user_source/hal_interface/notification.o
 .debug_line    0x0000000000003e49      0x20f user_source/hal_interface/cpu_hal_interface.o

.debug_str      0x0000000000000000     0x3888
 .debug_str     0x0000000000000000      0x3c9 ../Athena/board/hercules_tms570LS12x/src/gio.o
                                        0x44a (size before relaxing)
 .debug_str     0x00000000000003c9      0x389 ../Athena/board/hercules_tms570LS12x/src/sys_vim.o
                                        0x67b (size before relaxing)
 .debug_str     0x0000000000000752      0x9aa ../Athena/board/hercules_tms570LS12x/src/system.o
                                        0xd9c (size before relaxing)
 .debug_str     0x00000000000010fc       0x48 ../Athena/board/hercules_tms570LS12x/src/sys_phantom.o
                                        0x206 (size before relaxing)
 .debug_str     0x0000000000001144      0xfa1 ../Athena/board/hercules_tms570LS12x/src/sys_selftest.o
                                       0x19b0 (size before relaxing)
 .debug_str     0x00000000000020e5      0x511 ../Athena/board/hercules_tms570LS12x/src/i2c.o
                                        0x7b2 (size before relaxing)
 .debug_str     0x00000000000025f6      0x291 ../Athena/board/hercules_tms570LS12x/src/esm.o
                                        0x5b1 (size before relaxing)
 .debug_str     0x0000000000002887      0x377 ../Athena/board/hercules_tms570LS12x/src/can.o
                                        0x704 (size before relaxing)
 .debug_str     0x0000000000002bfe      0x3a7 ../Athena/board/hercules_tms570LS12x/src/pinmux.o
                                        0x775 (size before relaxing)
 .debug_str     0x0000000000002fa5      0x329 ../Athena/board/hercules_tms570LS12x/src/sys_startup.o
                                        0x88b (size before relaxing)
 .debug_str     0x00000000000032ce      0x257 tms570_launchpad_tester.o
                                        0x5d6 (size before relaxing)
 .debug_str     0x0000000000003525       0x2d user_source/foo.o
                                        0x154 (size before relaxing)
 .debug_str     0x0000000000003552      0x181 user_source/hal_interface/imu_hal.o
                                        0x658 (size before relaxing)
 .debug_str     0x00000000000036d3       0x3e user_source/hal_interface/board_led.o
                                        0x2a7 (size before relaxing)
 .debug_str     0x0000000000003711      0x149 user_source/hal_interface/notification.o
                                        0x3e6 (size before relaxing)
 .debug_str     0x000000000000385a       0x2e user_source/hal_interface/cpu_hal_interface.o
                                        0x236 (size before relaxing)

.comment        0x0000000000000000       0x70
 .comment       0x0000000000000000       0x70 ../Athena/board/hercules_tms570LS12x/src/gio.o
                                         0x71 (size before relaxing)
 .comment       0x0000000000000000       0x71 ../Athena/board/hercules_tms570LS12x/src/sys_vim.o
 .comment       0x0000000000000000       0x71 ../Athena/board/hercules_tms570LS12x/src/system.o
 .comment       0x0000000000000000       0x71 ../Athena/board/hercules_tms570LS12x/src/sys_phantom.o
 .comment       0x0000000000000000       0x71 ../Athena/board/hercules_tms570LS12x/src/sys_selftest.o
 .comment       0x0000000000000000       0x71 ../Athena/board/hercules_tms570LS12x/src/i2c.o
 .comment       0x0000000000000000       0x71 ../Athena/board/hercules_tms570LS12x/src/esm.o
 .comment       0x0000000000000000       0x71 ../Athena/board/hercules_tms570LS12x/src/can.o
 .comment       0x0000000000000000       0x71 ../Athena/board/hercules_tms570LS12x/src/pinmux.o
 .comment       0x0000000000000000       0x71 ../Athena/board/hercules_tms570LS12x/src/sys_startup.o
 .comment       0x0000000000000000       0x71 tms570_launchpad_tester.o
 .comment       0x0000000000000000       0x71 user_source/foo.o
 .comment       0x0000000000000000       0x71 user_source/hal_interface/imu_hal.o
 .comment       0x0000000000000000       0x71 user_source/hal_interface/board_led.o
 .comment       0x0000000000000000       0x71 user_source/hal_interface/notification.o
 .comment       0x0000000000000000       0x71 user_source/hal_interface/cpu_hal_interface.o

.debug_frame    0x0000000000000000     0x11bc
 .debug_frame   0x0000000000000000       0xc8 ../Athena/board/hercules_tms570LS12x/src/gio.o
 .debug_frame   0x00000000000000c8       0xf0 ../Athena/board/hercules_tms570LS12x/src/sys_vim.o
 .debug_frame   0x00000000000001b8      0x12c ../Athena/board/hercules_tms570LS12x/src/system.o
 .debug_frame   0x00000000000002e4       0x20 ../Athena/board/hercules_tms570LS12x/src/sys_phantom.o
 .debug_frame   0x0000000000000304      0x690 ../Athena/board/hercules_tms570LS12x/src/sys_selftest.o
 .debug_frame   0x0000000000000994      0x1fc ../Athena/board/hercules_tms570LS12x/src/i2c.o
 .debug_frame   0x0000000000000b90      0x1a4 ../Athena/board/hercules_tms570LS12x/src/esm.o
 .debug_frame   0x0000000000000d34      0x1e0 ../Athena/board/hercules_tms570LS12x/src/can.o
 .debug_frame   0x0000000000000f14       0x48 ../Athena/board/hercules_tms570LS12x/src/pinmux.o
 .debug_frame   0x0000000000000f5c       0x20 ../Athena/board/hercules_tms570LS12x/src/sys_startup.o
 .debug_frame   0x0000000000000f7c       0x34 tms570_launchpad_tester.o
 .debug_frame   0x0000000000000fb0       0x30 user_source/foo.o
 .debug_frame   0x0000000000000fe0       0x94 user_source/hal_interface/imu_hal.o
 .debug_frame   0x0000000000001074       0x5c user_source/hal_interface/board_led.o
 .debug_frame   0x00000000000010d0       0x90 user_source/hal_interface/notification.o
 .debug_frame   0x0000000000001160       0x3c user_source/hal_interface/cpu_hal_interface.o
 .debug_frame   0x000000000000119c       0x20 /home/aghosh01/NYU_Cubesat_Repos/FlightSoftware/Athena/arm-none-eabi-gcc_4_9_BE/gcc-arm-none-eabi-4_9-2017q2_BE_LINUX/bin/../lib/gcc/arm-none-eabi/4.9.3/../../../../arm-none-eabi/lib/armv7-ar/thumb/fpu/eb/libnosys.a(_exit.o)
